
PS D:\Carreras-Cursos\TU Tecnologías de Programación\5-C Proyecto Infotmático\Clase 6 18-09 Introducción a Flask> git branch
cción a Flask> git status
On branch master

No commits yet

Untracked files:
  (use "git add <file>..." to include in what will be committed)
        "8 Introducci\303\263n a Flask - Proyecto Inform\303\241tico.pdf"
        "TRABAJO PR\303\201CTICO N\302\2601 - Proyecto Inform\303\241tico.pdf"

nothing added to commit but untracked files present (use "git add" to track)
cción a Flask> git status
On branch master

No commits yet

Untracked files:
  (use "git add <file>..." to include in what will be committed)
        "8 Introducci\303\263n a Flask - Proyecto Inform\303\241tico.pdf"
        "TRABAJO PR\303\201CTICO N\302\2601 - Proyecto Inform\303\241tico.pdf"
nothing added to commit but untracked files present (use "git add" to track)
PS D:\Carreras-Cursos\TU Tecnologías de Programación\5-C Proyecto Infotmático\Clase 6 18-09 Introducción a Flask> git push -u origin
fatal: The current branch master has no upstream branch.
To push the current branch and set the remote as upstream, use

    git push --set-upstream origin master

To have this happen automatically for branches without a tracking

PS D:\Carreras-Cursos\TU Tecnologías de Programación\5-C Proyecto Infotmático\Clase 6 18-09 Introducción a Flask> git push -u origin
fatal: The current branch master has no upstream branch.
To push the current branch and set the remote as upstream, use

    git push --set-upstream origin master

To have this happen automatically for branches without a tracking
upstream, see 'push.autoSetupRemote' in 'git help config'.

cción a Flask> git status        


Untracked files:
  (use "git add <file>..." to include in what will be committed)
        "TRABAJO PR\303\201CTICO N\302\2601 - Proyecto Inform\303\241tico.pdf"

nothing added to commit but untracked files present (use "git add" to track)
PS D:\Carreras-Cursos\TU Tecnologías de Programación\5-C Proyecto Infotmático\Clase 6 18-09 Introducción a Flask> git branch
PS D:\Carreras-Cursos\TU Tecnologías de Programación\5-C Proyecto Infotmático\Clase 6 18-09 Introducción a Flask> git branchcción a Flask> git add .                                                                           cción a Flask> git add .
PS D:\Carreras-Cursos\TU Tecnologías de Programación\5-C Proyecto Infotmático\Clase 6 18-09 Introducción a Flask>cción a Flask> git init
Reinitialized existing Git repository in D:/Carreras-Cursos/TU Tecnologías de Programación/5-C Proyecto Infotmático/Clase 6 18-09 Introducción a Flask/.git/
PS D:\Carreras-Cursos\TU Tecnologías de Programación\5-C Proyecto Infotmático\Clase 6 18-09 Introducción a Flask> git status
On branch master
No commits yet
Changes to be committed:
        new file:   "8 Introducci\303\263n a Flask - Proyecto Inform\303\241tico.pdf"
        new file:   "TRABAJO PR\303\201CTICO N\302\2601 - Proyecto Inform\303\241tico.pdf"

Untracked files:
  (use "git add <file>..." to include in what will be committed)
        README_md

PS D:\Carreras-Cursos\TU Tecnologías de Programación\5-C Proyecto Infotmático\Clase 6 18-09 Introducción a Flask> git remote  add origin https://github.com/Criistian91/flask_0.git
cción a Flask> git branch -M main
cción a Flask> git push -u origin
fatal: The current branch main has no upstream branch.
To push the current branch and set the remote as upstream, use

    git push --set-upstream origin main

upstream, see 'push.autoSetupRemote' in 'git help config'.

PS D:\Carreras-Cursos\TU Tecnologías de Programación\5-C Proyecto Infotmático\Clase 6 18-09 Introducción a Flask> git add .
PS D:\Carreras-Cursos\TU Tecnologías de Programación\5-C Proyecto Infotmático\Clase 6 18-09 Introducción a Flask> git commit -m "Primer commit"
[main (root-commit) b80ced3] Primer commit
 3 files changed, 1 insertion(+)
 create mode 100644 "8 Introducci\303\263n a Flask - Proyecto Inform\303\241tico.pdf"
 create mode 100644 README_md
PS D:\Carreras-Cursos\TU Tecnologías de Programación\5-C Proyecto Infotmático\Clase 6 18-09 Introducción a Flask> git push -u origin
fatal: The current branch main has no upstream branch.
To push the current branch and set the remote as upstream, use
    git push --set-upstream origin main

To have this happen automatically for branches without a tracking

PS D:\Carreras-Cursos\TU Tecnologías de Programación\5-C Proyecto Infotmático\Clase 6 18-09 Introducción a Flask> git push --set-upstream origin master
error: src refspec master does not match any
error: failed to push some refs to 'https://github.com/Criistian91/flask_0.git'
cción a Flask> git branch
>>
* main
cción a Flask> git checkout main
>>
Already on 'main'
PS D:\Carreras-Cursos\TU Tecnologías de Programación\5-C Proyecto Infotmático\Clase 6 18-09 Introducción a Flask> git branch -m main master
>>
PS D:\Carreras-Cursos\TU Tecnologías de Programación\5-C Proyecto Infotmático\Clase 6 18-09 Introducción a Flask> git branch
>>
* master
PS D:\Carreras-Cursos\TU Tecnologías de Programación\5-C Proyecto Infotmático\Clase 6 18-09 Introdu>>
info: please complete authentication in your browser...
Enumerating objects: 5, done.
Delta compression using up to 4 threads
Compressing objects: 100% (4/4), done.
Total 5 (delta 0), reused 0 (delta 0), pack-reused 0
To https://github.com/Criistian91/flask_0.git
 * [new branch]      master -> master
branch 'master' set up to track 'origin/master'.
>> \Clase 6 18-09 Introducción a Flask>
* master
PS D:\Carreras-Cursos\TU Tecnologías de Programación\5-C Proyecto Infotmático\Clase 6 18-09 Introducción a Flask> git branch                        ico\Clase 6 18-09 Introdu
* master
ico\Clase 6 18-09 Introducción a Flask> git push origin -u master
Everything up-to-date
branch 'master' set up to track 'origin/master'.
PS D:\Carreras-Cursos\TU Tecnologías de Programación\5-C Proyecto Infotmático\Clase 6 18-09 Introducción a Flask> git branch
>>
* master
PS D:\Carreras-Cursos\TU Tecnologías de Programación\5-C Proyecto Infotmático\Clase 6 18-09 Introducción a Flask> py -3 -m venv .venv
PS D:\Carreras-Cursos\TU Tecnologías de Programación\5-C Proyecto Infotmático\Clase 6 18-09 Introducción a Flask> .venv\Scripts\activate
(.venv) PS D:\Carreras-Cursos\TU Tecnologías de Programación\5-C Proyecto 
Infotmático\Clase 6 18-09 Introducción a Flask> pip install flask
Collecting flask
  Downloading flask-3.0.0-py3-none-any.whl (99 kB)
     ━━━━━━━━━━━━━━━━━━━━━━━━━━━━━━━━━━━ 99.7/99.7 kB 1.9 MB/s eta 0:00:00Collecting Werkzeug>=3.0.0 (from flask)
  Downloading werkzeug-3.0.0-py3-none-any.whl (226 kB)
     ━━━━━━━━━━━━━━━━━━━━━━━━━━━━━━━━━ 226.6/226.6 kB 3.5 MB/s eta 0:00:00Collecting Jinja2>=3.1.2 (from flask)
  Using cached Jinja2-3.1.2-py3-none-any.whl (133 kB)
Collecting itsdangerous>=2.1.2 (from flask)
  Using cached itsdangerous-2.1.2-py3-none-any.whl (15 kB)
Collecting click>=8.1.3 (from flask)
  Using cached click-8.1.7-py3-none-any.whl (97 kB)
Collecting blinker>=1.6.2 (from flask)
Collecting colorama (from click>=8.1.3->flask)
  Using cached colorama-0.4.6-py2.py3-none-any.whl (25 kB)
Collecting MarkupSafe>=2.0 (from Jinja2>=3.1.2->flask)
  Using cached MarkupSafe-2.1.3-cp311-cp311-win_amd64.whl (17 kB)
Installing collected packages: MarkupSafe, itsdangerous, colorama, blinker, Werkzeug, Jinja2, click, flask
Successfully installed Jinja2-3.1.2 MarkupSafe-2.1.3 Werkzeug-3.0.0 blinker-1.6.3 click-8.1.7 colorama-0.4.6 flask-3.0.0 itsdangerous-2.1.2

[notice] A new release of pip is available: 23.1.2 -> 23.2.1
[notice] To update, run: python.exe -m pip install --upgrade pip
(.venv) PS D:\Carreras-Cursos\TU Tecnologías de Programación\5-C Proyecto 
Infotmático\Clase 6 18-09 Introducción a Flask> python app.py
 * Serving Flask app 'app'
 * Debug mode: on
WARNING: This is a development server. Do not use it in a production deployment. Use a production WSGI server instead.
 * Running on http://127.0.0.1:5000
Press CTRL+C to quit
 * Restarting with stat
 * Debugger is active!
 * Debugger PIN: 395-829-257
127.0.0.1 - - [09/Oct/2023 16:31:35] "GET / HTTP/1.1" 404 -
127.0.0.1 - - [09/Oct/2023 16:31:35] "GET /favicon.ico HTTP/1.1" 404 -
 * Detected change in 'D:\\Carreras-Cursos\\TU Tecnologías de Programación\\5-C Proyecto Infotmático\\Clase 6 18-09 Introducción a Flask\\app.py', reloading
 * Restarting with stat
 * Debugger is active!
 * Debugger PIN: 395-829-257
127.0.0.1 - - [09/Oct/2023 16:37:57] "GET / HTTP/1.1" 404 -
127.0.0.1 - - [09/Oct/2023 16:38:00] "GET / HTTP/1.1" 404 -
 * Detected change in 'D:\\Carreras-Cursos\\TU Tecnologías de Programación\\5-C Proyecto Infotmático\\Clase 6 18-09 Introducción a Flask\\app.py', reloading   o\\Clase 6 18-09 Introducción a Flask\\app.py', reloading
 * Restarting with stat
 * Debugger is active!
 * Debugger PIN: 395-829-257
127.0.0.1 - - [09/Oct/2023 16:40:12] "GET / HTTP/1.1" 200 -
